// Jest Snapshot v1, https://goo.gl/fbAQLP

exports[`OfferPropertyDashboard component should render OfferPropertyDashboard component 1`] = `
Array [
  <div
    class="property__mark"
  >
    <span>
      Premium
    </span>
  </div>,
  <div
    class="property__name-wrapper"
  >
    <h1
      class="property__name"
    >
      The Joshua Tree House
    </h1>
    <button
      class="property__bookmark-button button"
      type="button"
    >
      <svg
        class="property__bookmark-icon"
        height="33"
        width="31"
      >
        <use
          href="#icon-bookmark"
        />
      </svg>
      <span
        class="visually-hidden"
      >
        To bookmarks
      </span>
    </button>
  </div>,
  <div
    class="property__rating rating"
  >
    <div
      class="property__stars rating__stars"
    >
      <span
        style="width:80%"
      />
      <span
        class="visually-hidden"
      >
        Rating
      </span>
    </div>
    <span
      class="property__rating-value rating__value"
    >
      4.4
    </span>
  </div>,
  <ul
    class="property__features"
  >
    <li
      class="property__feature property__feature--entire"
    >
      Private Room
    </li>
    <li
      class="property__feature property__feature--bedrooms"
    >
      1 Bedrooms
    </li>
    <li
      class="property__feature property__feature--adults"
    >
      Max 2 adults
    </li>
  </ul>,
  <div
    class="property__price"
  >
    <b
      class="property__price-value"
    >
      €241
    </b>
    <span
      class="property__price-text"
    >
       night
    </span>
  </div>,
  <div
    class="property__inside"
  >
    <h2
      class="property__inside-title"
    >
      What's inside
    </h2>
    <ul
      class="property__inside-list"
    >
      <li
        class="property__inside-item"
      >
        Dishwasher
      </li>
      <li
        class="property__inside-item"
      >
        Towels
      </li>
      <li
        class="property__inside-item"
      >
        Washer
      </li>
      <li
        class="property__inside-item"
      >
        Fridge
      </li>
      <li
        class="property__inside-item"
      >
        Breakfast
      </li>
      <li
        class="property__inside-item"
      >
        Laptop friendly workspace
      </li>
      <li
        class="property__inside-item"
      >
        Baby seat
      </li>
      <li
        class="property__inside-item"
      >
        Air conditioning
      </li>
    </ul>
  </div>,
  <div
    class="property__host"
  >
    <h2
      class="property__host-title"
    >
      Meet the host
    </h2>
    <div
      class="property__host-user user"
    >
      <div
        class="property__avatar-wrapper user__avatar-wrapper property__avatar-wrapper--pro"
      >
        <img
          alt="Host avatar"
          class="property__avatar user__avatar"
          height="74"
          src="img/avatar-angelina.jpg"
          width="74"
        />
      </div>
      <span
        class="property__user-name"
      >
        Angelina
      </span>
    </div>
    <div
      class="property__description"
    >
      <p
        class="property__text"
      >
        This is a place for dreamers to reset, reflect, and create. Designed with a 'slow' pace in mind, our hope is that you enjoy every part of your stay; from making local coffee by drip in the morning, choosing the perfect record to put on as the sun sets.
      </p>
    </div>
  </div>,
]
`;
