// Jest Snapshot v1, https://goo.gl/fbAQLP

exports[`FavoriteCitiesList component should render FavoriteCitiesList component 1`] = `
<ul
  class="favorites__list"
>
  <li
    class="favorites__locations-items"
  >
    <div
      class="favorites__locations locations locations--current"
    >
      <div
        class="locations__item"
      >
        <span
          class="locations__item-link"
        >
          <span>
            Dusseldorf
          </span>
        </span>
      </div>
    </div>
    <div
      class="favorites__places"
    >
      <article
        class="favorites__card place-card"
      >
        <div
          class="favorites__image-wrapper place-card__image-wrapper"
        >
          <a
            href="/offer/1"
          >
            <img
              alt="Place image"
              class="place-card__image"
              height="110"
              src="https://assets.htmlacademy.ru/intensives/javascript-3/hotel/6.jpg"
              width="150"
            />
          </a>
        </div>
        <div
          class="favorites__card-info place-card__info"
        >
          <div
            class="place-card__price-wrapper"
          >
            <div
              class="place-card__price"
            >
              <b
                class="place-card__price-value"
              >
                €241
              </b>
              <span
                class="place-card__price-text"
              >
                / night
              </span>
            </div>
            <button
              class="place-card__bookmark-button button"
              type="button"
            >
              <svg
                class="place-card__bookmark-icon"
                height="19"
                width="18"
              >
                <use
                  href="#icon-bookmark"
                />
              </svg>
              <span
                class="visually-hidden"
              >
                In bookmarks
              </span>
            </button>
          </div>
          <div
            class="place-card__rating rating"
          >
            <div
              class="place-card__stars rating__stars"
            >
              <span
                style="width:80%"
              />
              <span
                class="visually-hidden"
              >
                Rating
              </span>
            </div>
          </div>
          <h2
            class="place-card__name"
          >
            <a
              href="/offer/1"
            >
              The Joshua Tree House
            </a>
          </h2>
          <p
            class="place-card__type"
          >
            room
          </p>
        </div>
      </article>
    </div>
  </li>
  <li
    class="favorites__locations-items"
  >
    <div
      class="favorites__locations locations locations--current"
    >
      <div
        class="locations__item"
      >
        <span
          class="locations__item-link"
        >
          <span>
            Cologne
          </span>
        </span>
      </div>
    </div>
    <div
      class="favorites__places"
    >
      <article
        class="favorites__card place-card"
      >
        <div
          class="favorites__image-wrapper place-card__image-wrapper"
        >
          <a
            href="/offer/2"
          >
            <img
              alt="Place image"
              class="place-card__image"
              height="110"
              src="https://assets.htmlacademy.ru/intensives/javascript-3/hotel/19.jpg"
              width="150"
            />
          </a>
        </div>
        <div
          class="favorites__card-info place-card__info"
        >
          <div
            class="place-card__price-wrapper"
          >
            <div
              class="place-card__price"
            >
              <b
                class="place-card__price-value"
              >
                €909
              </b>
              <span
                class="place-card__price-text"
              >
                / night
              </span>
            </div>
            <button
              class="place-card__bookmark-button button"
              type="button"
            >
              <svg
                class="place-card__bookmark-icon"
                height="19"
                width="18"
              >
                <use
                  href="#icon-bookmark"
                />
              </svg>
              <span
                class="visually-hidden"
              >
                In bookmarks
              </span>
            </button>
          </div>
          <div
            class="place-card__rating rating"
          >
            <div
              class="place-card__stars rating__stars"
            >
              <span
                style="width:100%"
              />
              <span
                class="visually-hidden"
              >
                Rating
              </span>
            </div>
          </div>
          <h2
            class="place-card__name"
          >
            <a
              href="/offer/2"
            >
              Loft Studio in the Central Area
            </a>
          </h2>
          <p
            class="place-card__type"
          >
            house
          </p>
        </div>
      </article>
    </div>
  </li>
  <li
    class="favorites__locations-items"
  >
    <div
      class="favorites__locations locations locations--current"
    >
      <div
        class="locations__item"
      >
        <span
          class="locations__item-link"
        >
          <span>
            Amsterdam
          </span>
        </span>
      </div>
    </div>
    <div
      class="favorites__places"
    >
      <article
        class="favorites__card place-card"
      >
        <div
          class="favorites__image-wrapper place-card__image-wrapper"
        >
          <a
            href="/offer/3"
          >
            <img
              alt="Place image"
              class="place-card__image"
              height="110"
              src="https://assets.htmlacademy.ru/intensives/javascript-3/hotel/10.jpg"
              width="150"
            />
          </a>
        </div>
        <div
          class="favorites__card-info place-card__info"
        >
          <div
            class="place-card__price-wrapper"
          >
            <div
              class="place-card__price"
            >
              <b
                class="place-card__price-value"
              >
                €191
              </b>
              <span
                class="place-card__price-text"
              >
                / night
              </span>
            </div>
            <button
              class="place-card__bookmark-button button place-card__bookmark-button--active"
              type="button"
            >
              <svg
                class="place-card__bookmark-icon"
                height="19"
                width="18"
              >
                <use
                  href="#icon-bookmark"
                />
              </svg>
              <span
                class="visually-hidden"
              >
                In bookmarks
              </span>
            </button>
          </div>
          <div
            class="place-card__rating rating"
          >
            <div
              class="place-card__stars rating__stars"
            >
              <span
                style="width:80%"
              />
              <span
                class="visually-hidden"
              >
                Rating
              </span>
            </div>
          </div>
          <h2
            class="place-card__name"
          >
            <a
              href="/offer/3"
            >
              The Pondhouse - A Magical Place
            </a>
          </h2>
          <p
            class="place-card__type"
          >
            house
          </p>
        </div>
      </article>
    </div>
  </li>
</ul>
`;
