// Jest Snapshot v1, https://goo.gl/fbAQLP

exports[`FavoritesScreenEmptyPlaceholder component should render FavoritesScreenEmptyPlaceholder component 1`] = `
Array [
  <h1
    class="visually-hidden"
  >
    Favorites (empty)
  </h1>,
  <div
    class="favorites__status-wrapper"
  >
    <b
      class="favorites__status"
    >
      Nothing yet saved.
    </b>
    <p
      class="favorites__status-description"
    >
      Save properties to narrow down search or plan yor future trips.
    </p>
  </div>,
]
`;
