// Jest Snapshot v1, https://goo.gl/fbAQLP

exports[`ReviewItem component should render ReviewItem component 1`] = `
<li
  class="reviews__item"
>
  <div
    class="reviews__user user"
  >
    <div
      class="reviews__avatar-wrapper user__avatar-wrapper"
    >
      <img
        alt="Reviews avatar"
        class="reviews__avatar user__avatar"
        height="54"
        src="https://assets.htmlacademy.ru/intensives/javascript-3/avatar/2.jpg"
        width="54"
      />
    </div>
    <span
      class="reviews__user-name"
    >
      Jack
    </span>
  </div>
  <div
    class="reviews__info"
  >
    <div
      class="reviews__rating rating"
    >
      <div
        class="reviews__stars rating__stars"
      >
        <span
          style="width:80%"
        />
        <span
          class="visually-hidden"
        >
          Rating
        </span>
      </div>
    </div>
    <p
      class="reviews__text"
    >
      I stayed here for one night and it was an unpleasant experience.
    </p>
    <time
      class="reviews__time"
      datetime="2020-10-04T09:29:21.139Z"
    >
      October 2020
    </time>
  </div>
</li>
`;
